Java HotSpot(TM) 64-Bit Server VM (25.131-b11) for linux-amd64 JRE (1.8.0_131-b11), built on Mar 15 2017 01:23:40 by "java_re" with gcc 4.3.0 20080428 (Red Hat 4.3.0-8)
Memory: 4k page, physical 4046772k(3159496k free), swap 0k(0k free)
CommandLine flags: -XX:InitialHeapSize=2147483648 -XX:MaxHeapSize=2147483648 -XX:+PrintGC -XX:+PrintGCDateStamps -XX:+PrintGCDetails -XX:+PrintGCTimeStamps -XX:+UseCompressedClassPointers -XX:+UseCompressedOops -XX:+UseParallelGC 
2017-06-06T09:32:00.798+0000: 94.961: [GC (Allocation Failure) [PSYoungGen: 524800K->87024K(611840K)] 524800K->240488K(2010112K), 0.2201993 secs] [Times: user=0.23 sys=0.20, real=0.22 secs] 
2017-06-06T09:32:11.703+0000: 105.866: [GC (Allocation Failure) [PSYoungGen: 611824K->87020K(611840K)] 765288K->263315K(2010112K), 0.0897342 secs] [Times: user=0.07 sys=0.10, real=0.08 secs] 
2017-06-06T09:32:20.345+0000: 114.508: [GC (Allocation Failure) [PSYoungGen: 611820K->87020K(611840K)] 788115K->263475K(2010112K), 0.0384329 secs] [Times: user=0.07 sys=0.00, real=0.04 secs] 
2017-06-06T09:32:28.427+0000: 122.590: [GC (Allocation Failure) [PSYoungGen: 611820K->87020K(611840K)] 788275K->263619K(2010112K), 0.0442335 secs] [Times: user=0.08 sys=0.01, real=0.04 secs] 
2017-06-06T09:32:36.895+0000: 131.058: [GC (Allocation Failure) [PSYoungGen: 611785K->87020K(599040K)] 788384K->263771K(1997312K), 0.0402475 secs] [Times: user=0.07 sys=0.00, real=0.04 secs] 
2017-06-06T09:32:44.603+0000: 138.766: [GC (Allocation Failure) [PSYoungGen: 599020K->87036K(320000K)] 775771K->263883K(1718272K), 0.0338263 secs] [Times: user=0.07 sys=0.00, real=0.03 secs] 
2017-06-06T09:32:48.763+0000: 142.926: [GC (Allocation Failure) [PSYoungGen: 319991K->384K(465920K)] 496838K->265298K(1864192K), 0.0670471 secs] [Times: user=0.06 sys=0.08, real=0.06 secs] 
2017-06-06T09:32:52.681+0000: 146.844: [GC (Allocation Failure) [PSYoungGen: 233270K->320K(465920K)] 498185K->265378K(1864192K), 0.0046206 secs] [Times: user=0.01 sys=0.00, real=0.01 secs] 
2017-06-06T09:32:56.578+0000: 150.741: [GC (Allocation Failure) [PSYoungGen: 233272K->224K(465920K)] 498330K->265338K(1864192K), 0.0061452 secs] [Times: user=0.00 sys=0.00, real=0.01 secs] 
2017-06-06T09:33:00.930+0000: 155.093: [GC (Allocation Failure) [PSYoungGen: 233133K->224K(465920K)] 498247K->265378K(1864192K), 0.0043847 secs] [Times: user=0.00 sys=0.01, real=0.01 secs] 
2017-06-06T09:33:05.084+0000: 159.248: [GC (Allocation Failure) [PSYoungGen: 233179K->128K(465920K)] 498333K->265314K(1864192K), 0.0045159 secs] [Times: user=0.01 sys=0.00, real=0.00 secs] 
2017-06-06T09:33:09.319+0000: 163.482: [GC (Allocation Failure) [PSYoungGen: 233022K->291K(468480K)] 498208K->265494K(1866752K), 0.0043934 secs] [Times: user=0.01 sys=0.00, real=0.01 secs] 
2017-06-06T09:33:13.591+0000: 167.754: [GC (Allocation Failure) [PSYoungGen: 235811K->224K(465920K)] 501014K->265442K(1864192K), 0.0045212 secs] [Times: user=0.00 sys=0.00, real=0.01 secs] 
2017-06-06T09:33:17.492+0000: 171.655: [GC (Allocation Failure) [PSYoungGen: 235667K->192K(484352K)] 500886K->265426K(1882624K), 0.0056960 secs] [Times: user=0.00 sys=0.00, real=0.01 secs] 
2017-06-06T09:33:22.010+0000: 176.173: [GC (Allocation Failure) [PSYoungGen: 261774K->224K(476160K)] 527008K->265474K(1874432K), 0.0056858 secs] [Times: user=0.01 sys=0.00, real=0.01 secs] 
2017-06-06T09:33:27.287+0000: 181.450: [GC (Allocation Failure) [PSYoungGen: 261808K->192K(502272K)] 527059K->265458K(1900544K), 0.0084930 secs] [Times: user=0.00 sys=0.01, real=0.01 secs] 
2017-06-06T09:33:33.380+0000: 187.543: [GC (Allocation Failure) [PSYoungGen: 296628K->128K(493056K)] 561895K->265410K(1891328K), 0.0057637 secs] [Times: user=0.01 sys=0.00, real=0.01 secs] 
2017-06-06T09:33:39.191+0000: 193.354: [GC (Allocation Failure) [PSYoungGen: 296520K->128K(521216K)] 561803K->265426K(1919488K), 0.0063532 secs] [Times: user=0.01 sys=0.01, real=0.01 secs] 
2017-06-06T09:33:46.055+0000: 200.218: [GC (Allocation Failure) [PSYoungGen: 334415K->192K(512000K)] 599713K->265506K(1910272K), 0.0068745 secs] [Times: user=0.01 sys=0.01, real=0.00 secs] 
2017-06-06T09:33:53.170+0000: 207.333: [GC (Allocation Failure) [PSYoungGen: 334507K->224K(540160K)] 599822K->265554K(1938432K), 0.0048983 secs] [Times: user=0.01 sys=0.00, real=0.01 secs] 
2017-06-06T09:34:00.265+0000: 214.428: [GC (Allocation Failure) [PSYoungGen: 372422K->192K(530944K)] 637753K->265554K(1929216K), 0.0056303 secs] [Times: user=0.01 sys=0.00, real=0.00 secs] 
2017-06-06T09:34:06.983+0000: 221.146: [GC (Allocation Failure) [PSYoungGen: 372404K->224K(558080K)] 637767K->265602K(1956352K), 0.0079803 secs] [Times: user=0.01 sys=0.00, real=0.00 secs] 
2017-06-06T09:34:13.933+0000: 228.096: [GC (Allocation Failure) [PSYoungGen: 408759K->192K(549376K)] 674138K->265586K(1947648K), 0.0052185 secs] [Times: user=0.01 sys=0.00, real=0.01 secs] 
2017-06-06T09:34:20.469+0000: 234.633: [GC (Allocation Failure) [PSYoungGen: 408726K->160K(574976K)] 674120K->265570K(1973248K), 0.0053883 secs] [Times: user=0.02 sys=0.00, real=0.01 secs] 
2017-06-06T09:34:28.192+0000: 242.355: [GC (Allocation Failure) [PSYoungGen: 443040K->192K(566784K)] 708450K->265618K(1965056K), 0.0072566 secs] [Times: user=0.01 sys=0.00, real=0.01 secs] 
2017-06-06T09:34:36.175+0000: 250.338: [GC (Allocation Failure) [PSYoungGen: 443054K->192K(590848K)] 708480K->265634K(1989120K), 0.0062881 secs] [Times: user=0.01 sys=0.00, real=0.00 secs] 
2017-06-06T09:34:44.102+0000: 258.265: [GC (Allocation Failure) [PSYoungGen: 475327K->192K(583168K)] 740769K->265650K(1981440K), 0.0050385 secs] [Times: user=0.00 sys=0.00, real=0.01 secs] 
2017-06-06T09:34:52.476+0000: 266.639: [GC (Allocation Failure) [PSYoungGen: 475279K->192K(604672K)] 740738K->265666K(2002944K), 0.0050973 secs] [Times: user=0.00 sys=0.01, real=0.00 secs] 
2017-06-06T09:35:02.429+0000: 276.592: [GC (Allocation Failure) [PSYoungGen: 503976K->160K(598016K)] 769451K->265666K(1996288K), 0.0059702 secs] [Times: user=0.01 sys=0.00, real=0.01 secs] 
2017-06-06T09:35:11.222+0000: 285.385: [GC (Allocation Failure) [PSYoungGen: 503968K->192K(617472K)] 769474K->265714K(2015744K), 0.0075031 secs] [Times: user=0.00 sys=0.00, real=0.00 secs] 
2017-06-06T09:35:20.922+0000: 295.085: [GC (Allocation Failure) [PSYoungGen: 530043K->224K(611328K)] 795565K->265762K(2009600K), 0.0054397 secs] [Times: user=0.01 sys=0.00, real=0.00 secs] 
2017-06-06T09:35:31.964+0000: 306.127: [GC (Allocation Failure) [PSYoungGen: 530110K->192K(628736K)] 795649K->265746K(2027008K), 0.0081477 secs] [Times: user=0.01 sys=0.00, real=0.00 secs] 
2017-06-06T09:35:43.115+0000: 317.279: [GC (Allocation Failure) [PSYoungGen: 553131K->192K(623104K)] 818685K->265762K(2021376K), 0.0058538 secs] [Times: user=0.01 sys=0.00, real=0.00 secs] 
2017-06-06T09:35:54.045+0000: 328.208: [GC (Allocation Failure) [PSYoungGen: 553152K->160K(638464K)] 818722K->265746K(2036736K), 0.0054563 secs] [Times: user=0.01 sys=0.00, real=0.00 secs] 
2017-06-06T09:36:03.812+0000: 337.975: [GC (Allocation Failure) [PSYoungGen: 573600K->160K(633856K)] 839186K->265762K(2032128K), 0.0073836 secs] [Times: user=0.01 sys=0.00, real=0.01 secs] 
2017-06-06T09:36:13.895+0000: 348.058: [GC (Allocation Failure) [PSYoungGen: 573503K->160K(647168K)] 839106K->265778K(2045440K), 0.0060430 secs] [Times: user=0.01 sys=0.01, real=0.00 secs] 
2017-06-06T09:36:22.486+0000: 356.649: [GC (Allocation Failure) [PSYoungGen: 591512K->192K(643072K)] 857131K->265826K(2041344K), 0.0086360 secs] [Times: user=0.01 sys=0.00, real=0.01 secs] 
2017-06-06T09:36:31.412+0000: 365.575: [GC (Allocation Failure) [PSYoungGen: 591491K->160K(654848K)] 857125K->265802K(2053120K), 0.0085478 secs] [Times: user=0.02 sys=0.00, real=0.01 secs] 
2017-06-06T09:36:41.113+0000: 375.276: [GC (Allocation Failure) [PSYoungGen: 607377K->192K(651264K)] 873020K->265850K(2049536K), 0.0072171 secs] [Times: user=0.02 sys=0.00, real=0.01 secs] 
2017-06-06T09:36:50.254+0000: 384.418: [GC (Allocation Failure) [PSYoungGen: 607385K->160K(660992K)] 873043K->265834K(2059264K), 0.0056853 secs] [Times: user=0.01 sys=0.00, real=0.00 secs] 
2017-06-06T09:36:59.207+0000: 393.370: [GC (Allocation Failure) [PSYoungGen: 620192K->192K(657920K)] 885866K->265882K(2056192K), 0.0049482 secs] [Times: user=0.01 sys=0.00, real=0.00 secs] 
2017-06-06T09:37:08.504+0000: 402.667: [GC (Allocation Failure) [PSYoungGen: 620224K->160K(666624K)] 885914K->265866K(2064896K), 0.0066551 secs] [Times: user=0.01 sys=0.00, real=0.00 secs] 
2017-06-06T09:37:17.535+0000: 411.698: [GC (Allocation Failure) [PSYoungGen: 631929K->192K(664064K)] 897635K->265914K(2062336K), 0.0047688 secs] [Times: user=0.01 sys=0.00, real=0.00 secs] 
2017-06-06T09:37:26.803+0000: 420.967: [GC (Allocation Failure) [PSYoungGen: 631922K->160K(671744K)] 897644K->265898K(2070016K), 0.0077117 secs] [Times: user=0.01 sys=0.00, real=0.00 secs] 
2017-06-06T09:37:36.246+0000: 430.409: [GC (Allocation Failure) [PSYoungGen: 642208K->192K(669184K)] 907946K->265946K(2067456K), 0.0068980 secs] [Times: user=0.02 sys=0.00, real=0.00 secs] 
2017-06-06T09:37:46.054+0000: 440.218: [GC (Allocation Failure) [PSYoungGen: 642240K->160K(675840K)] 907994K->265930K(2074112K), 0.0057709 secs] [Times: user=0.00 sys=0.00, real=0.00 secs] 
2017-06-06T09:37:56.248+0000: 450.412: [GC (Allocation Failure) [PSYoungGen: 650823K->259K(673792K)] 916594K->266046K(2072064K), 0.0055053 secs] [Times: user=0.01 sys=0.00, real=0.01 secs] 
2017-06-06T09:38:07.082+0000: 461.246: [GC (Allocation Failure) [PSYoungGen: 651011K->224K(679424K)] 916798K->266026K(2077696K), 0.0058762 secs] [Times: user=0.01 sys=0.00, real=0.00 secs] 
2017-06-06T09:38:17.358+0000: 471.521: [GC (Allocation Failure) [PSYoungGen: 658144K->224K(677376K)] 923946K->266042K(2075648K), 0.0081794 secs] [Times: user=0.00 sys=0.01, real=0.01 secs] 
2017-06-06T09:38:27.680+0000: 481.843: [GC (Allocation Failure) [PSYoungGen: 658144K->192K(682496K)] 923962K->266026K(2080768K), 0.0099730 secs] [Times: user=0.01 sys=0.00, real=0.01 secs] 
2017-06-06T09:38:38.602+0000: 492.765: [GC (Allocation Failure) [PSYoungGen: 664768K->160K(680960K)] 930602K->266010K(2079232K), 0.0076765 secs] [Times: user=0.01 sys=0.01, real=0.00 secs] 
2017-06-06T09:38:49.488+0000: 503.651: [GC (Allocation Failure) [PSYoungGen: 664680K->128K(685056K)] 930530K->265994K(2083328K), 0.0057623 secs] [Times: user=0.01 sys=0.00, real=0.00 secs] 
2017-06-06T09:39:00.117+0000: 514.280: [GC (Allocation Failure) [PSYoungGen: 669824K->192K(683520K)] 935690K->266074K(2081792K), 0.0088739 secs] [Times: user=0.00 sys=0.00, real=0.01 secs] 
2017-06-06T09:39:10.691+0000: 524.854: [GC (Allocation Failure) [PSYoungGen: 669888K->128K(687104K)] 935770K->266026K(2085376K), 0.0070041 secs] [Times: user=0.01 sys=0.00, real=0.01 secs] 
2017-06-06T09:39:21.096+0000: 535.259: [GC (Allocation Failure) [PSYoungGen: 674432K->192K(686080K)] 940330K->266106K(2084352K), 0.0050959 secs] [Times: user=0.01 sys=0.00, real=0.00 secs] 
2017-06-06T09:39:32.050+0000: 546.213: [GC (Allocation Failure) [PSYoungGen: 674496K->160K(688640K)] 940410K->266090K(2086912K), 0.0069760 secs] [Times: user=0.00 sys=0.01, real=0.01 secs] 
2017-06-06T09:39:42.827+0000: 556.990: [GC (Allocation Failure) [PSYoungGen: 678048K->192K(688128K)] 943978K->266138K(2086400K), 0.0075561 secs] [Times: user=0.02 sys=0.00, real=0.01 secs] 
2017-06-06T09:39:53.191+0000: 567.354: [GC (Allocation Failure) [PSYoungGen: 678020K->160K(690176K)] 943966K->266122K(2088448K), 0.0075985 secs] [Times: user=0.01 sys=0.00, real=0.01 secs] 
2017-06-06T09:40:04.314+0000: 578.477: [GC (Allocation Failure) [PSYoungGen: 681120K->192K(689664K)] 947082K->266170K(2087936K), 0.0058851 secs] [Times: user=0.01 sys=0.01, real=0.01 secs] 
2017-06-06T09:40:15.507+0000: 589.671: [GC (Allocation Failure) [PSYoungGen: 681068K->160K(691712K)] 947046K->266154K(2089984K), 0.0048278 secs] [Times: user=0.00 sys=0.01, real=0.00 secs] 
2017-06-06T09:40:26.298+0000: 600.461: [GC (Allocation Failure) [PSYoungGen: 684192K->224K(691200K)] 950186K->266234K(2089472K), 0.0062356 secs] [Times: user=0.01 sys=0.01, real=0.01 secs] 
2017-06-06T09:40:36.552+0000: 610.716: [GC (Allocation Failure) [PSYoungGen: 684196K->160K(692736K)] 950207K->266186K(2091008K), 0.0069230 secs] [Times: user=0.01 sys=0.00, real=0.01 secs] 
2017-06-06T09:40:47.522+0000: 621.686: [GC (Allocation Failure) [PSYoungGen: 686189K->128K(692224K)] 952215K->266170K(2090496K), 0.0067441 secs] [Times: user=0.01 sys=0.01, real=0.00 secs] 
2017-06-06T09:40:57.424+0000: 631.587: [GC (Allocation Failure) [PSYoungGen: 686208K->192K(693760K)] 952250K->266250K(2092032K), 0.0054093 secs] [Times: user=0.01 sys=0.00, real=0.00 secs] 
2017-06-06T09:41:07.571+0000: 641.734: [GC (Allocation Failure) [PSYoungGen: 688224K->192K(693248K)] 954283K->266266K(2091520K), 0.0066908 secs] [Times: user=0.01 sys=0.00, real=0.01 secs] 
2017-06-06T09:41:19.384+0000: 653.547: [GC (Allocation Failure) [PSYoungGen: 688261K->160K(694272K)] 954335K->266250K(2092544K), 0.0071301 secs] [Times: user=0.02 sys=0.00, real=0.00 secs] 
2017-06-06T09:41:31.529+0000: 665.692: [GC (Allocation Failure) [PSYoungGen: 689767K->192K(694272K)] 955858K->266298K(2092544K), 0.0080417 secs] [Times: user=0.01 sys=0.00, real=0.01 secs] 
2017-06-06T09:41:42.834+0000: 676.997: [GC (Allocation Failure) [PSYoungGen: 689803K->128K(695296K)] 955910K->266250K(2093568K), 0.0073333 secs] [Times: user=0.01 sys=0.00, real=0.01 secs] 
2017-06-06T09:41:55.687+0000: 689.850: [GC (Allocation Failure) [PSYoungGen: 691328K->192K(694784K)] 957450K->266330K(2093056K), 0.0075183 secs] [Times: user=0.01 sys=0.00, real=0.01 secs] 
Heap
 PSYoungGen      total 694784K, used 300410K [0x00000000d5580000, 0x0000000100000000, 0x0000000100000000)
  eden space 691200K, 43% used [0x00000000d5580000,0x00000000e7aae988,0x00000000ff880000)
  from space 3584K, 5% used [0x00000000ff880000,0x00000000ff8b0000,0x00000000ffc00000)
  to   space 3584K, 0% used [0x00000000ffc80000,0x00000000ffc80000,0x0000000100000000)
 ParOldGen       total 1398272K, used 266138K [0x0000000080000000, 0x00000000d5580000, 0x00000000d5580000)
  object space 1398272K, 19% used [0x0000000080000000,0x00000000903e6a10,0x00000000d5580000)
 Metaspace       used 9667K, capacity 9792K, committed 9984K, reserved 1058816K
  class space    used 1121K, capacity 1176K, committed 1280K, reserved 1048576K
