Java HotSpot(TM) 64-Bit Server VM (25.131-b11) for linux-amd64 JRE (1.8.0_131-b11), built on Mar 15 2017 01:23:40 by "java_re" with gcc 4.3.0 20080428 (Red Hat 4.3.0-8)
Memory: 4k page, physical 4046508k(1738116k free), swap 0k(0k free)
CommandLine flags: -XX:+HeapDumpOnOutOfMemoryError -XX:HeapDumpPath=/home/ubuntu/ei/wso2ei-6.1.0/repository/logs/heap-dump.hprof -XX:InitialHeapSize=268435456 -XX:+ManagementServer -XX:MaxHeapSize=1073741824 -XX:+PrintGC -XX:+PrintGCDateStamps -XX:+PrintGCDetails -XX:+PrintGCTimeStamps -XX:+UseCompressedClassPointers -XX:+UseCompressedOops -XX:+UseParallelGC 
2017-06-06T09:43:01.828+0000: 1.464: [GC (Allocation Failure) [PSYoungGen: 65536K->9987K(76288K)] 65536K->10003K(251392K), 0.0314690 secs] [Times: user=0.04 sys=0.00, real=0.03 secs] 
2017-06-06T09:43:02.115+0000: 1.751: [GC (Allocation Failure) [PSYoungGen: 75523K->10748K(141824K)] 75539K->14594K(316928K), 0.0257079 secs] [Times: user=0.07 sys=0.00, real=0.03 secs] 
2017-06-06T09:43:02.667+0000: 2.302: [GC (Allocation Failure) [PSYoungGen: 141820K->10739K(141824K)] 145666K->29709K(316928K), 0.0352050 secs] [Times: user=0.04 sys=0.05, real=0.04 secs] 
2017-06-06T09:43:04.662+0000: 4.298: [GC (Metadata GC Threshold) [PSYoungGen: 118049K->10749K(272896K)] 137020K->35232K(448000K), 0.0174086 secs] [Times: user=0.04 sys=0.01, real=0.02 secs] 
2017-06-06T09:43:04.680+0000: 4.316: [Full GC (Metadata GC Threshold) [PSYoungGen: 10749K->0K(272896K)] [ParOldGen: 24483K->27680K(175104K)] 35232K->27680K(448000K), [Metaspace: 20121K->20121K(1069056K)], 0.0797442 secs] [Times: user=0.21 sys=0.01, real=0.08 secs] 
2017-06-06T09:43:06.845+0000: 6.481: [GC (Metadata GC Threshold) [PSYoungGen: 98853K->10727K(272896K)] 126533K->41805K(448000K), 0.0698331 secs] [Times: user=0.21 sys=0.01, real=0.07 secs] 
2017-06-06T09:43:06.915+0000: 6.551: [Full GC (Metadata GC Threshold) [PSYoungGen: 10727K->0K(272896K)] [ParOldGen: 31077K->36566K(175104K)] 41805K->36566K(448000K), [Metaspace: 31843K->31843K(1079296K)], 0.1042696 secs] [Times: user=0.30 sys=0.02, real=0.11 secs] 
2017-06-06T09:43:08.535+0000: 8.171: [GC (Allocation Failure) [PSYoungGen: 262144K->24563K(315392K)] 298710K->63266K(490496K), 0.0435321 secs] [Times: user=0.10 sys=0.01, real=0.04 secs] 
2017-06-06T09:43:09.554+0000: 9.190: [GC (GCLocker Initiated GC) [PSYoungGen: 315379K->29162K(320000K)] 354084K->95128K(495104K), 0.0648546 secs] [Times: user=0.12 sys=0.04, real=0.06 secs] 
2017-06-06T09:43:10.562+0000: 10.197: [GC (Allocation Failure) [PSYoungGen: 319978K->29183K(257536K)] 385951K->126486K(432640K), 0.0728306 secs] [Times: user=0.19 sys=0.04, real=0.07 secs] 
2017-06-06T09:43:11.135+0000: 10.771: [GC (Metadata GC Threshold) [PSYoungGen: 186509K->40281K(268800K)] 283812K->147544K(443904K), 0.0329540 secs] [Times: user=0.06 sys=0.04, real=0.04 secs] 
2017-06-06T09:43:11.168+0000: 10.804: [Full GC (Metadata GC Threshold) [PSYoungGen: 40281K->0K(268800K)] [ParOldGen: 107262K->77625K(260096K)] 147544K->77625K(528896K), [Metaspace: 54310K->54310K(1101824K)], 0.2129442 secs] [Times: user=0.56 sys=0.00, real=0.21 secs] 
2017-06-06T09:43:12.007+0000: 11.642: [GC (Allocation Failure) [PSYoungGen: 228352K->38610K(286208K)] 305977K->116244K(546304K), 0.0244318 secs] [Times: user=0.03 sys=0.00, real=0.03 secs] 
2017-06-06T09:43:12.659+0000: 12.294: [GC (Allocation Failure) [PSYoungGen: 262866K->40705K(265216K)] 340500K->120971K(525312K), 0.0415380 secs] [Times: user=0.06 sys=0.00, real=0.05 secs] 
2017-06-06T09:43:13.392+0000: 13.027: [GC (Allocation Failure) [PSYoungGen: 264961K->27201K(288768K)] 345227K->110938K(548864K), 0.0259369 secs] [Times: user=0.03 sys=0.00, real=0.02 secs] 
2017-06-06T09:43:13.999+0000: 13.635: [GC (Allocation Failure) [PSYoungGen: 252993K->42445K(286208K)] 336730K->129318K(546304K), 0.0384147 secs] [Times: user=0.06 sys=0.00, real=0.03 secs] 
2017-06-06T09:43:14.539+0000: 14.175: [GC (Allocation Failure) [PSYoungGen: 268237K->48716K(281088K)] 355110K->138533K(541184K), 0.0284718 secs] [Times: user=0.05 sys=0.00, real=0.04 secs] 
2017-06-06T09:43:15.182+0000: 14.818: [GC (Allocation Failure) [PSYoungGen: 267852K->38093K(284160K)] 357669K->129696K(544256K), 0.0303023 secs] [Times: user=0.05 sys=0.00, real=0.03 secs] 
2017-06-06T09:43:15.745+0000: 15.380: [GC (Allocation Failure) [PSYoungGen: 257229K->45388K(282624K)] 348832K->139775K(542720K), 0.0267076 secs] [Times: user=0.03 sys=0.00, real=0.03 secs] 
2017-06-06T09:43:16.321+0000: 15.957: [GC (Allocation Failure) [PSYoungGen: 264524K->36511K(256000K)] 358911K->133203K(516096K), 0.0244415 secs] [Times: user=0.04 sys=0.00, real=0.02 secs] 
2017-06-06T09:43:16.819+0000: 16.455: [GC (Allocation Failure) [PSYoungGen: 255647K->42092K(283136K)] 352339K->141509K(543232K), 0.0290596 secs] [Times: user=0.05 sys=0.00, real=0.03 secs] 
2017-06-06T09:43:17.371+0000: 17.006: [GC (Allocation Failure) [PSYoungGen: 262764K->40945K(283136K)] 362181K->143003K(543232K), 0.0363098 secs] [Times: user=0.05 sys=0.00, real=0.03 secs] 
2017-06-06T09:43:18.004+0000: 17.639: [GC (Allocation Failure) [PSYoungGen: 261617K->42695K(285696K)] 363675K->147407K(545792K), 0.0339029 secs] [Times: user=0.10 sys=0.00, real=0.03 secs] 
2017-06-06T09:43:18.716+0000: 18.351: [GC (Allocation Failure) [PSYoungGen: 266951K->36132K(260608K)] 371663K->144667K(520704K), 0.0308968 secs] [Times: user=0.10 sys=0.00, real=0.03 secs] 
2017-06-06T09:43:19.368+0000: 19.004: [GC (Allocation Failure) [PSYoungGen: 260388K->25207K(285184K)] 368923K->136791K(545280K), 0.0359540 secs] [Times: user=0.09 sys=0.00, real=0.03 secs] 
2017-06-06T09:43:19.971+0000: 19.607: [GC (Allocation Failure) [PSYoungGen: 251511K->37713K(285184K)] 363095K->152025K(545280K), 0.0291745 secs] [Times: user=0.05 sys=0.00, real=0.03 secs] 
2017-06-06T09:43:20.536+0000: 20.171: [GC (Allocation Failure) [PSYoungGen: 264017K->42218K(288768K)] 378329K->159275K(548864K), 0.0341243 secs] [Times: user=0.04 sys=0.01, real=0.04 secs] 
2017-06-06T09:43:21.138+0000: 20.774: [GC (Allocation Failure) [PSYoungGen: 273642K->45280K(288768K)] 390699K->165557K(548864K), 0.0304978 secs] [Times: user=0.05 sys=0.00, real=0.04 secs] 
2017-06-06T09:43:21.751+0000: 21.386: [GC (Allocation Failure) [PSYoungGen: 276704K->42194K(290816K)] 396981K->165344K(550912K), 0.0472406 secs] [Times: user=0.06 sys=0.00, real=0.04 secs] 
2017-06-06T09:43:22.496+0000: 22.132: [GC (Allocation Failure) [PSYoungGen: 274130K->39030K(271360K)] 397280K->164429K(531456K), 0.0333600 secs] [Times: user=0.04 sys=0.01, real=0.04 secs] 
2017-06-06T09:43:23.026+0000: 22.662: [GC (Allocation Failure) [PSYoungGen: 270966K->39355K(290304K)] 396365K->167595K(550400K), 0.0319294 secs] [Times: user=0.04 sys=0.00, real=0.03 secs] 
2017-06-06T09:43:23.579+0000: 23.215: [GC (Allocation Failure) [PSYoungGen: 272827K->40859K(288768K)] 401067K->171694K(548864K), 0.0311609 secs] [Times: user=0.04 sys=0.00, real=0.04 secs] 
2017-06-06T09:43:24.121+0000: 23.757: [GC (Allocation Failure) [PSYoungGen: 274331K->48240K(289792K)] 405166K->182922K(549888K), 0.0346575 secs] [Times: user=0.06 sys=0.00, real=0.03 secs] 
2017-06-06T09:43:24.756+0000: 24.392: [GC (Allocation Failure) [PSYoungGen: 283248K->40734K(291840K)] 417930K->179212K(551936K), 0.0361073 secs] [Times: user=0.07 sys=0.01, real=0.04 secs] 
2017-06-06T09:43:25.393+0000: 25.028: [GC (Allocation Failure) [PSYoungGen: 275742K->46259K(291840K)] 414220K->187489K(551936K), 0.0358160 secs] [Times: user=0.08 sys=0.00, real=0.04 secs] 
2017-06-06T09:43:26.019+0000: 25.654: [GC (Allocation Failure) [PSYoungGen: 282803K->44580K(292864K)] 424033K->188329K(552960K), 0.0285541 secs] [Times: user=0.05 sys=0.01, real=0.04 secs] 
2017-06-06T09:43:26.620+0000: 26.255: [GC (Allocation Failure) [PSYoungGen: 281124K->47917K(290816K)] 424873K->193680K(550912K), 0.0308945 secs] [Times: user=0.05 sys=0.02, real=0.03 secs] 
2017-06-06T09:43:27.206+0000: 26.842: [GC (Allocation Failure) [PSYoungGen: 282413K->46518K(281088K)] 428176K->197132K(541184K), 0.0286062 secs] [Times: user=0.05 sys=0.01, real=0.03 secs] 
2017-06-06T09:43:27.721+0000: 27.357: [GC (Allocation Failure) [PSYoungGen: 281014K->4233K(282112K)] 431628K->155741K(542208K), 0.0073551 secs] [Times: user=0.02 sys=0.00, real=0.01 secs] 
2017-06-06T09:43:28.205+0000: 27.841: [GC (Allocation Failure) [PSYoungGen: 228489K->1662K(226304K)] 379997K->153715K(486400K), 0.0076238 secs] [Times: user=0.01 sys=0.00, real=0.01 secs] 
2017-06-06T09:43:28.665+0000: 28.301: [GC (Allocation Failure) [PSYoungGen: 225918K->1507K(277504K)] 377971K->153865K(537600K), 0.0045578 secs] [Times: user=0.02 sys=0.00, real=0.01 secs] 
2017-06-06T09:43:30.171+0000: 29.807: [GC (Allocation Failure) [PSYoungGen: 212451K->13629K(280064K)] 364809K->165995K(540160K), 0.0122674 secs] [Times: user=0.03 sys=0.00, real=0.01 secs] 
2017-06-06T09:43:31.761+0000: 31.397: [GC (Allocation Failure) [PSYoungGen: 224573K->30237K(271872K)] 376939K->182611K(531968K), 0.0331278 secs] [Times: user=0.11 sys=0.00, real=0.03 secs] 
2017-06-06T09:43:33.042+0000: 32.677: [GC (Allocation Failure) [PSYoungGen: 242205K->41556K(276480K)] 394579K->193938K(536576K), 0.0395722 secs] [Times: user=0.12 sys=0.00, real=0.04 secs] 
2017-06-06T09:43:34.580+0000: 34.215: [GC (Allocation Failure) [PSYoungGen: 253524K->38259K(284160K)] 405906K->190649K(544256K), 0.0384844 secs] [Times: user=0.14 sys=0.00, real=0.03 secs] 
2017-06-06T09:44:22.724+0000: 82.359: [GC (Allocation Failure) [PSYoungGen: 256883K->62966K(281600K)] 409273K->215364K(541696K), 0.0715849 secs] [Times: user=0.23 sys=0.01, real=0.07 secs] 
2017-06-06T09:44:46.269+0000: 105.905: [GC (Allocation Failure) [PSYoungGen: 281590K->59302K(260096K)] 433988K->211716K(520192K), 0.0552211 secs] [Times: user=0.18 sys=0.00, real=0.05 secs] 
2017-06-06T09:45:07.860+0000: 127.496: [GC (Allocation Failure) [PSYoungGen: 251814K->58904K(251904K)] 404228K->211326K(512000K), 0.0601985 secs] [Times: user=0.20 sys=0.02, real=0.06 secs] 
2017-06-06T09:45:31.756+0000: 151.392: [GC (Allocation Failure) [PSYoungGen: 251416K->58780K(260608K)] 403838K->211211K(520704K), 0.0610497 secs] [Times: user=0.19 sys=0.02, real=0.06 secs] 
2017-06-06T09:45:56.910+0000: 176.546: [GC (Allocation Failure) [PSYoungGen: 236956K->58795K(237056K)] 389387K->211233K(497152K), 0.0559858 secs] [Times: user=0.15 sys=0.00, real=0.05 secs] 
2017-06-06T09:46:19.432+0000: 199.067: [GC (Allocation Failure) [PSYoungGen: 236971K->58795K(258560K)] 389409K->211241K(518656K), 0.0650794 secs] [Times: user=0.16 sys=0.01, real=0.06 secs] 
2017-06-06T09:46:39.900+0000: 219.536: [GC (Allocation Failure) [PSYoungGen: 229803K->58769K(229888K)] 382249K->211215K(489984K), 0.0518262 secs] [Times: user=0.16 sys=0.02, real=0.05 secs] 
2017-06-06T09:47:01.173+0000: 240.808: [GC (Allocation Failure) [PSYoungGen: 229777K->58764K(258560K)] 382223K->211218K(518656K), 0.0631713 secs] [Times: user=0.17 sys=0.03, real=0.06 secs] 
2017-06-06T09:47:23.876+0000: 263.512: [GC (Allocation Failure) [PSYoungGen: 227724K->58930K(224256K)] 380178K->211384K(484352K), 0.0776886 secs] [Times: user=0.22 sys=0.01, real=0.08 secs] 
2017-06-06T09:47:46.235+0000: 285.871: [GC (Allocation Failure) [PSYoungGen: 223794K->58835K(246784K)] 376248K->211297K(506880K), 0.0589265 secs] [Times: user=0.15 sys=0.00, real=0.06 secs] 
2017-06-06T09:48:07.117+0000: 306.753: [GC (Allocation Failure) [PSYoungGen: 219603K->58454K(215552K)] 372065K->211396K(475648K), 0.0513395 secs] [Times: user=0.17 sys=0.01, real=0.06 secs] 
2017-06-06T09:48:26.289+0000: 325.924: [GC (Allocation Failure) [PSYoungGen: 215126K->54110K(233472K)] 368068K->211265K(493568K), 0.0563425 secs] [Times: user=0.16 sys=0.04, real=0.05 secs] 
2017-06-06T09:48:46.037+0000: 345.673: [GC (Allocation Failure) [PSYoungGen: 207198K->34637K(184320K)] 364353K->211781K(444416K), 0.0708008 secs] [Times: user=0.17 sys=0.04, real=0.08 secs] 
2017-06-06T09:49:05.540+0000: 365.176: [GC (Allocation Failure) [PSYoungGen: 184141K->31291K(227328K)] 361285K->211710K(487424K), 0.0473585 secs] [Times: user=0.10 sys=0.02, real=0.05 secs] 
2017-06-06T09:49:25.112+0000: 384.748: [GC (Allocation Failure) [PSYoungGen: 177211K->22664K(165888K)] 357630K->211723K(425984K), 0.0330577 secs] [Times: user=0.09 sys=0.01, real=0.03 secs] 
2017-06-06T09:49:45.050+0000: 404.685: [GC (Allocation Failure) [PSYoungGen: 165512K->5648K(225280K)] 354571K->211127K(485376K), 0.0361655 secs] [Times: user=0.07 sys=0.04, real=0.03 secs] 
2017-06-06T09:50:03.823+0000: 423.459: [GC (Allocation Failure) [PSYoungGen: 145424K->4064K(140800K)] 350903K->211375K(400896K), 0.0179666 secs] [Times: user=0.04 sys=0.00, real=0.02 secs] 
2017-06-06T09:50:19.961+0000: 439.596: [GC (Allocation Failure) [PSYoungGen: 140768K->3968K(220672K)] 348079K->211319K(480768K), 0.0142388 secs] [Times: user=0.03 sys=0.00, real=0.01 secs] 
2017-06-06T09:50:35.901+0000: 455.536: [GC (Allocation Failure) [PSYoungGen: 137600K->3936K(134656K)] 344951K->211327K(394752K), 0.0162946 secs] [Times: user=0.03 sys=0.01, real=0.01 secs] 
2017-06-06T09:50:53.988+0000: 473.624: [GC (Allocation Failure) [PSYoungGen: 134496K->4000K(212992K)] 341887K->211415K(473088K), 0.0134111 secs] [Times: user=0.02 sys=0.01, real=0.01 secs] 
2017-06-06T09:51:11.950+0000: 491.585: [GC (Allocation Failure) [PSYoungGen: 132000K->3904K(129536K)] 339415K->211335K(389632K), 0.0143963 secs] [Times: user=0.03 sys=0.00, real=0.01 secs] 
2017-06-06T09:51:28.370+0000: 508.006: [GC (Allocation Failure) [PSYoungGen: 129344K->3936K(202752K)] 336775K->211391K(462848K), 0.0192533 secs] [Times: user=0.02 sys=0.01, real=0.02 secs] 
2017-06-06T09:51:44.509+0000: 524.144: [GC (Allocation Failure) [PSYoungGen: 126816K->4000K(124416K)] 334271K->211479K(384512K), 0.0121999 secs] [Times: user=0.02 sys=0.00, real=0.01 secs] 
2017-06-06T09:52:00.213+0000: 539.848: [GC (Allocation Failure) [PSYoungGen: 124320K->3872K(191488K)] 331799K->211367K(451584K), 0.0138321 secs] [Times: user=0.03 sys=0.00, real=0.01 secs] 
2017-06-06T09:52:15.260+0000: 554.896: [GC (Allocation Failure) [PSYoungGen: 121632K->3936K(119296K)] 329127K->211463K(379392K), 0.0178586 secs] [Times: user=0.06 sys=0.01, real=0.01 secs] 
2017-06-06T09:52:30.341+0000: 569.976: [GC (Allocation Failure) [PSYoungGen: 119136K->3808K(180224K)] 326663K->211351K(440320K), 0.0151595 secs] [Times: user=0.03 sys=0.02, real=0.01 secs] 
2017-06-06T09:52:44.271+0000: 583.907: [GC (Allocation Failure) [PSYoungGen: 116960K->3968K(115200K)] 324503K->211559K(375296K), 0.0143941 secs] [Times: user=0.02 sys=0.01, real=0.01 secs] 
2017-06-06T09:52:58.626+0000: 598.262: [GC (Allocation Failure) [PSYoungGen: 115072K->3936K(168960K)] 322663K->211559K(429056K), 0.0146755 secs] [Times: user=0.03 sys=0.00, real=0.02 secs] 
2017-06-06T09:53:11.866+0000: 611.501: [GC (Allocation Failure) [PSYoungGen: 112992K->3936K(111104K)] 320615K->211575K(371200K), 0.0236000 secs] [Times: user=0.05 sys=0.00, real=0.03 secs] 
2017-06-06T09:53:25.249+0000: 624.885: [GC (Allocation Failure) [PSYoungGen: 110944K->3840K(158208K)] 318583K->211503K(418304K), 0.0185793 secs] [Times: user=0.04 sys=0.01, real=0.02 secs] 
2017-06-06T09:53:37.773+0000: 637.408: [GC (Allocation Failure) [PSYoungGen: 108800K->3968K(107008K)] 316463K->211655K(367104K), 0.0151880 secs] [Times: user=0.03 sys=0.00, real=0.02 secs] 
2017-06-06T09:53:50.171+0000: 649.807: [GC (Allocation Failure) [PSYoungGen: 106880K->3808K(148480K)] 314567K->211503K(408576K), 0.0144367 secs] [Times: user=0.02 sys=0.01, real=0.01 secs] 
2017-06-06T09:54:02.958+0000: 662.594: [GC (Allocation Failure) [PSYoungGen: 104672K->3904K(103424K)] 312367K->211631K(363520K), 0.0119328 secs] [Times: user=0.02 sys=0.00, real=0.02 secs] 
2017-06-06T09:54:15.302+0000: 674.938: [GC (Allocation Failure) [PSYoungGen: 103232K->3776K(140800K)] 310959K->211527K(400896K), 0.0242736 secs] [Times: user=0.04 sys=0.00, real=0.02 secs] 
2017-06-06T09:54:37.331+0000: 696.967: [GC (Allocation Failure) [PSYoungGen: 101568K->5024K(101376K)] 309319K->212792K(361472K), 0.0254568 secs] [Times: user=0.07 sys=0.00, real=0.02 secs] 
Heap
 PSYoungGen      total 101376K, used 11407K [0x00000000eab00000, 0x00000000f5f00000, 0x0000000100000000)
  eden space 96256K, 6% used [0x00000000eab00000,0x00000000eb13bf30,0x00000000f0900000)
  from space 5120K, 98% used [0x00000000f0a80000,0x00000000f0f68010,0x00000000f0f80000)
  to   space 44032K, 0% used [0x00000000f3400000,0x00000000f3400000,0x00000000f5f00000)
 ParOldGen       total 260096K, used 207767K [0x00000000c0000000, 0x00000000cfe00000, 0x00000000eab00000)
  object space 260096K, 79% used [0x00000000c0000000,0x00000000ccae5ff0,0x00000000cfe00000)
 Metaspace       used 85732K, capacity 95553K, committed 95704K, reserved 1132544K
  class space    used 10196K, capacity 12744K, committed 12800K, reserved 1048576K
