Java HotSpot(TM) 64-Bit Server VM (25.131-b11) for linux-amd64 JRE (1.8.0_131-b11), built on Mar 15 2017 01:23:40 by "java_re" with gcc 4.3.0 20080428 (Red Hat 4.3.0-8)
Memory: 4k page, physical 4046772k(3155288k free), swap 0k(0k free)
CommandLine flags: -XX:InitialHeapSize=2147483648 -XX:MaxHeapSize=2147483648 -XX:+PrintGC -XX:+PrintGCDateStamps -XX:+PrintGCDetails -XX:+PrintGCTimeStamps -XX:+UseCompressedClassPointers -XX:+UseCompressedOops -XX:+UseParallelGC 
2017-06-06T09:44:22.859+0000: 94.903: [GC (Allocation Failure) [PSYoungGen: 524800K->87024K(611840K)] 524800K->240473K(2010112K), 0.2309858 secs] [Times: user=0.21 sys=0.25, real=0.23 secs] 
2017-06-06T09:44:28.029+0000: 100.073: [GC (Allocation Failure) [PSYoungGen: 611812K->87020K(611840K)] 765260K->264789K(2010112K), 0.0938930 secs] [Times: user=0.06 sys=0.13, real=0.10 secs] 
2017-06-06T09:44:35.202+0000: 107.246: [GC (Allocation Failure) [PSYoungGen: 611654K->87020K(611840K)] 789423K->266621K(2010112K), 0.0463555 secs] [Times: user=0.08 sys=0.02, real=0.04 secs] 
2017-06-06T09:44:44.468+0000: 116.512: [GC (Allocation Failure) [PSYoungGen: 611459K->87020K(611840K)] 791060K->267718K(2010112K), 0.0477360 secs] [Times: user=0.08 sys=0.02, real=0.05 secs] 
2017-06-06T09:44:52.741+0000: 124.784: [GC (Allocation Failure) [PSYoungGen: 611421K->87020K(599040K)] 792118K->268406K(1997312K), 0.0337907 secs] [Times: user=0.07 sys=0.00, real=0.04 secs] 
2017-06-06T09:45:00.990+0000: 133.033: [GC (Allocation Failure) [PSYoungGen: 599020K->87020K(320000K)] 780406K->269142K(1718272K), 0.0441687 secs] [Times: user=0.08 sys=0.02, real=0.05 secs] 
2017-06-06T09:45:04.419+0000: 136.462: [GC (Allocation Failure) [PSYoungGen: 319734K->2624K(465920K)] 501856K->270996K(1864192K), 0.0937764 secs] [Times: user=0.06 sys=0.12, real=0.09 secs] 
2017-06-06T09:45:07.971+0000: 140.014: [GC (Allocation Failure) [PSYoungGen: 235443K->1280K(465920K)] 503816K->270968K(1864192K), 0.0094837 secs] [Times: user=0.01 sys=0.00, real=0.01 secs] 
2017-06-06T09:45:11.738+0000: 143.781: [GC (Allocation Failure) [PSYoungGen: 233873K->832K(465920K)] 503562K->270936K(1864192K), 0.0067392 secs] [Times: user=0.01 sys=0.00, real=0.01 secs] 
2017-06-06T09:45:15.392+0000: 147.435: [GC (Allocation Failure) [PSYoungGen: 233616K->736K(465920K)] 503721K->271168K(1864192K), 0.0119871 secs] [Times: user=0.01 sys=0.01, real=0.02 secs] 
2017-06-06T09:45:19.168+0000: 151.211: [GC (Allocation Failure) [PSYoungGen: 233591K->608K(465920K)] 504024K->271176K(1864192K), 0.0093793 secs] [Times: user=0.01 sys=0.01, real=0.01 secs] 
2017-06-06T09:45:23.465+0000: 155.508: [GC (Allocation Failure) [PSYoungGen: 233445K->832K(467968K)] 504013K->271448K(1866240K), 0.0076511 secs] [Times: user=0.01 sys=0.00, real=0.00 secs] 
2017-06-06T09:45:27.876+0000: 159.919: [GC (Allocation Failure) [PSYoungGen: 235711K->608K(465920K)] 506328K->271292K(1864192K), 0.0062499 secs] [Times: user=0.01 sys=0.00, real=0.01 secs] 
2017-06-06T09:45:33.149+0000: 165.193: [GC (Allocation Failure) [PSYoungGen: 235245K->800K(483328K)] 505930K->271548K(1881600K), 0.0122843 secs] [Times: user=0.01 sys=0.00, real=0.01 secs] 
2017-06-06T09:45:38.400+0000: 170.443: [GC (Allocation Failure) [PSYoungGen: 260333K->672K(475136K)] 531082K->271524K(1873408K), 0.0101827 secs] [Times: user=0.01 sys=0.00, real=0.01 secs] 
2017-06-06T09:45:43.639+0000: 175.682: [GC (Allocation Failure) [PSYoungGen: 259852K->704K(501248K)] 530705K->271636K(1899520K), 0.0083252 secs] [Times: user=0.02 sys=0.00, real=0.01 secs] 
2017-06-06T09:45:49.953+0000: 181.996: [GC (Allocation Failure) [PSYoungGen: 295104K->672K(492032K)] 566036K->271660K(1890304K), 0.0067282 secs] [Times: user=0.02 sys=0.00, real=0.01 secs] 
2017-06-06T09:45:56.146+0000: 188.189: [GC (Allocation Failure) [PSYoungGen: 294831K->576K(520192K)] 565819K->271620K(1918464K), 0.0066062 secs] [Times: user=0.01 sys=0.01, real=0.00 secs] 
2017-06-06T09:46:03.319+0000: 195.362: [GC (Allocation Failure) [PSYoungGen: 332514K->672K(510976K)] 603559K->271756K(1909248K), 0.0069854 secs] [Times: user=0.01 sys=0.01, real=0.01 secs] 
2017-06-06T09:46:09.619+0000: 201.662: [GC (Allocation Failure) [PSYoungGen: 332875K->1102K(539136K)] 603960K->272227K(1937408K), 0.0072776 secs] [Times: user=0.01 sys=0.00, real=0.01 secs] 
2017-06-06T09:46:15.282+0000: 207.326: [GC (Allocation Failure) [PSYoungGen: 371278K->512K(529920K)] 642403K->271680K(1928192K), 0.0066336 secs] [Times: user=0.01 sys=0.01, real=0.00 secs] 
2017-06-06T09:46:20.988+0000: 213.031: [GC (Allocation Failure) [PSYoungGen: 370547K->480K(557056K)] 641716K->271672K(1955328K), 0.0076941 secs] [Times: user=0.01 sys=0.00, real=0.01 secs] 
2017-06-06T09:46:27.773+0000: 219.817: [GC (Allocation Failure) [PSYoungGen: 406536K->640K(548352K)] 677729K->271848K(1946624K), 0.0102567 secs] [Times: user=0.02 sys=0.00, real=0.02 secs] 
2017-06-06T09:46:34.487+0000: 226.530: [GC (Allocation Failure) [PSYoungGen: 406777K->1166K(574464K)] 677986K->272391K(1972736K), 0.0076717 secs] [Times: user=0.01 sys=0.01, real=0.01 secs] 
2017-06-06T09:46:41.707+0000: 233.750: [GC (Allocation Failure) [PSYoungGen: 442206K->576K(565760K)] 713431K->271832K(1964032K), 0.0075565 secs] [Times: user=0.02 sys=0.00, real=0.01 secs] 
2017-06-06T09:46:48.825+0000: 240.868: [GC (Allocation Failure) [PSYoungGen: 441474K->544K(589824K)] 712731K->271845K(1988096K), 0.0077294 secs] [Times: user=0.01 sys=0.00, real=0.00 secs] 
2017-06-06T09:46:57.207+0000: 249.250: [GC (Allocation Failure) [PSYoungGen: 473319K->576K(582144K)] 744620K->271893K(1980416K), 0.0062979 secs] [Times: user=0.01 sys=0.01, real=0.00 secs] 
2017-06-06T09:47:05.567+0000: 257.610: [GC (Allocation Failure) [PSYoungGen: 473362K->480K(603648K)] 744679K->271829K(2001920K), 0.0072081 secs] [Times: user=0.01 sys=0.00, real=0.01 secs] 
2017-06-06T09:47:14.491+0000: 266.534: [GC (Allocation Failure) [PSYoungGen: 502023K->576K(596992K)] 773372K->271949K(1995264K), 0.0082456 secs] [Times: user=0.00 sys=0.01, real=0.01 secs] 
2017-06-06T09:47:24.793+0000: 276.836: [GC (Allocation Failure) [PSYoungGen: 502309K->512K(616448K)] 773682K->271929K(2014720K), 0.0062799 secs] [Times: user=0.01 sys=0.00, real=0.01 secs] 
2017-06-06T09:47:35.354+0000: 287.397: [GC (Allocation Failure) [PSYoungGen: 528230K->640K(610304K)] 799647K->272117K(2008576K), 0.0078674 secs] [Times: user=0.01 sys=0.01, real=0.01 secs] 
2017-06-06T09:47:45.174+0000: 297.218: [GC (Allocation Failure) [PSYoungGen: 528454K->512K(627712K)] 799931K->272029K(2025984K), 0.0088884 secs] [Times: user=0.01 sys=0.00, real=0.01 secs] 
2017-06-06T09:47:55.208+0000: 307.252: [GC (Allocation Failure) [PSYoungGen: 551620K->576K(622592K)] 823137K->272117K(2020864K), 0.0081882 secs] [Times: user=0.02 sys=0.00, real=0.01 secs] 
2017-06-06T09:48:05.514+0000: 317.558: [GC (Allocation Failure) [PSYoungGen: 551847K->576K(637952K)] 823388K->272149K(2036224K), 0.0069436 secs] [Times: user=0.01 sys=0.01, real=0.00 secs] 
2017-06-06T09:48:15.116+0000: 327.159: [GC (Allocation Failure) [PSYoungGen: 572116K->544K(632832K)] 843689K->272177K(2031104K), 0.0077239 secs] [Times: user=0.01 sys=0.00, real=0.01 secs] 
2017-06-06T09:48:24.554+0000: 336.597: [GC (Allocation Failure) [PSYoungGen: 572356K->416K(646144K)] 843989K->272065K(2044416K), 0.0065227 secs] [Times: user=0.01 sys=0.00, real=0.00 secs] 
2017-06-06T09:48:34.992+0000: 347.035: [GC (Allocation Failure) [PSYoungGen: 589728K->704K(642048K)] 861377K->272361K(2040320K), 0.0113473 secs] [Times: user=0.01 sys=0.00, real=0.02 secs] 
2017-06-06T09:48:45.555+0000: 357.598: [GC (Allocation Failure) [PSYoungGen: 589539K->416K(653824K)] 861196K->272089K(2052096K), 0.0078180 secs] [Times: user=0.01 sys=0.00, real=0.01 secs] 
2017-06-06T09:48:56.452+0000: 368.495: [GC (Allocation Failure) [PSYoungGen: 605264K->416K(650240K)] 876937K->272121K(2048512K), 0.0083785 secs] [Times: user=0.01 sys=0.01, real=0.01 secs] 
2017-06-06T09:49:07.210+0000: 379.253: [GC (Allocation Failure) [PSYoungGen: 605548K->704K(660480K)] 877253K->272425K(2058752K), 0.0076282 secs] [Times: user=0.01 sys=0.00, real=0.01 secs] 
2017-06-06T09:49:19.051+0000: 391.094: [GC (Allocation Failure) [PSYoungGen: 619638K->640K(657408K)] 891359K->272389K(2055680K), 0.0079232 secs] [Times: user=0.02 sys=0.00, real=0.01 secs] 
2017-06-06T09:49:31.158+0000: 403.201: [GC (Allocation Failure) [PSYoungGen: 619306K->576K(666112K)] 891055K->272357K(2064384K), 0.0094924 secs] [Times: user=0.00 sys=0.01, real=0.01 secs] 
2017-06-06T09:49:43.993+0000: 416.036: [GC (Allocation Failure) [PSYoungGen: 631351K->576K(663552K)] 903132K->272389K(2061824K), 0.0082099 secs] [Times: user=0.01 sys=0.01, real=0.01 secs] 
2017-06-06T09:49:56.272+0000: 428.315: [GC (Allocation Failure) [PSYoungGen: 631360K->736K(671232K)] 903173K->272581K(2069504K), 0.0094988 secs] [Times: user=0.01 sys=0.00, real=0.01 secs] 
2017-06-06T09:50:07.298+0000: 439.341: [GC (Allocation Failure) [PSYoungGen: 641479K->576K(668672K)] 913324K->272437K(2066944K), 0.0140951 secs] [Times: user=0.02 sys=0.00, real=0.01 secs] 
2017-06-06T09:50:17.644+0000: 449.687: [GC (Allocation Failure) [PSYoungGen: 641600K->480K(675328K)] 913461K->272369K(2073600K), 0.0114540 secs] [Times: user=0.02 sys=0.00, real=0.01 secs] 
2017-06-06T09:50:28.083+0000: 460.126: [GC (Allocation Failure) [PSYoungGen: 649914K->576K(673280K)] 921803K->272481K(2071552K), 0.0082238 secs] [Times: user=0.01 sys=0.01, real=0.00 secs] 
2017-06-06T09:50:39.014+0000: 471.057: [GC (Allocation Failure) [PSYoungGen: 650265K->480K(678912K)] 922171K->272401K(2077184K), 0.0073757 secs] [Times: user=0.01 sys=0.00, real=0.01 secs] 
2017-06-06T09:50:50.984+0000: 483.027: [GC (Allocation Failure) [PSYoungGen: 657268K->480K(676864K)] 929189K->272417K(2075136K), 0.0106233 secs] [Times: user=0.02 sys=0.01, real=0.01 secs] 
2017-06-06T09:51:04.847+0000: 496.891: [GC (Allocation Failure) [PSYoungGen: 656921K->608K(681984K)] 928858K->272561K(2080256K), 0.0084668 secs] [Times: user=0.02 sys=0.01, real=0.01 secs] 
2017-06-06T09:51:17.431+0000: 509.474: [GC (Allocation Failure) [PSYoungGen: 663764K->512K(680448K)] 935717K->272489K(2078720K), 0.0073812 secs] [Times: user=0.01 sys=0.01, real=0.01 secs] 
2017-06-06T09:51:29.263+0000: 521.306: [GC (Allocation Failure) [PSYoungGen: 663867K->416K(684544K)] 935845K->272409K(2082816K), 0.0079119 secs] [Times: user=0.01 sys=0.00, real=0.00 secs] 
2017-06-06T09:51:41.418+0000: 533.461: [GC (Allocation Failure) [PSYoungGen: 668837K->448K(683008K)] 940830K->272457K(2081280K), 0.0169227 secs] [Times: user=0.02 sys=0.00, real=0.02 secs] 
2017-06-06T09:51:53.227+0000: 545.271: [GC (Allocation Failure) [PSYoungGen: 669108K->576K(686592K)] 941117K->272601K(2084864K), 0.0092630 secs] [Times: user=0.02 sys=0.00, real=0.01 secs] 
2017-06-06T09:52:05.544+0000: 557.587: [GC (Allocation Failure) [PSYoungGen: 673387K->576K(685568K)] 945412K->272649K(2083840K), 0.0107982 secs] [Times: user=0.01 sys=0.00, real=0.01 secs] 
2017-06-06T09:52:17.118+0000: 569.162: [GC (Allocation Failure) [PSYoungGen: 673393K->608K(688640K)] 945466K->272697K(2086912K), 0.0080367 secs] [Times: user=0.01 sys=0.00, real=0.01 secs] 
2017-06-06T09:52:29.545+0000: 581.588: [GC (Allocation Failure) [PSYoungGen: 677984K->704K(687616K)] 950073K->272809K(2085888K), 0.0102007 secs] [Times: user=0.02 sys=0.00, real=0.01 secs] 
2017-06-06T09:52:40.458+0000: 592.501: [GC (Allocation Failure) [PSYoungGen: 678013K->384K(690176K)] 950118K->272517K(2088448K), 0.0079953 secs] [Times: user=0.01 sys=0.01, real=0.01 secs] 
2017-06-06T09:52:52.507+0000: 604.551: [GC (Allocation Failure) [PSYoungGen: 680717K->448K(689152K)] 952850K->272609K(2087424K), 0.0097702 secs] [Times: user=0.01 sys=0.01, real=0.01 secs] 
2017-06-06T09:53:04.210+0000: 616.254: [GC (Allocation Failure) [PSYoungGen: 680490K->512K(691200K)] 952652K->272689K(2089472K), 0.0080928 secs] [Times: user=0.01 sys=0.00, real=0.01 secs] 
2017-06-06T09:53:15.526+0000: 627.570: [GC (Allocation Failure) [PSYoungGen: 683401K->544K(690688K)] 955579K->272737K(2088960K), 0.0074790 secs] [Times: user=0.00 sys=0.01, real=0.01 secs] 
2017-06-06T09:53:27.244+0000: 639.288: [GC (Allocation Failure) [PSYoungGen: 683435K->640K(692224K)] 955629K->272849K(2090496K), 0.0093593 secs] [Times: user=0.01 sys=0.01, real=0.00 secs] 
2017-06-06T09:53:38.173+0000: 650.216: [GC (Allocation Failure) [PSYoungGen: 685589K->544K(691712K)] 957798K->272769K(2089984K), 0.0070113 secs] [Times: user=0.02 sys=0.00, real=0.01 secs] 
2017-06-06T09:53:49.250+0000: 661.294: [GC (Allocation Failure) [PSYoungGen: 685232K->512K(693248K)] 957457K->272753K(2091520K), 0.0082413 secs] [Times: user=0.01 sys=0.00, real=0.01 secs] 
